# Synopsys Constraint Checker, version maplat, Build 1346R, built Dec  9 2015
# Copyright (C) 1994-2015, Synopsys, Inc. This software and the associated documentation are proprietary to Synopsys, Inc. This software may only be used in accordance with the terms and conditions of a written license agreement with Synopsys, Inc.  All other use, reproduction, or distribution of this software is strictly prohibited.

# Written on Sun Jun 05 21:31:27 2016


##### DESIGN INFO #######################################################

Top View:                "uart_top"
Constraint File(s):      (none)




##### SUMMARY ############################################################

Found 0 issues in 0 out of 0 constraints


##### DETAILS ############################################################



Clock Relationships
*******************

Starting           Ending             |     rise to rise     |     fall to fall     |     rise to fall     |     fall to rise                     
-------------------------------------------------------------------------------------------------------------------------------------------------
uart_top|CLK_i     uart_top|CLK_i     |     13.060           |     No paths         |     No paths         |     No paths                         
=================================================================================================================================================
 Note: 'No paths' indicates there are no paths in the design for that pair of clock edges.
       'Diff grp' indicates that paths exist but the starting clock and ending clock are in different clock groups.


Unconstrained Start/End Points
******************************

p:LED_o[0]
p:LED_o[1]
p:LED_o[2]
p:LED_o[3]
p:LED_o[4]
p:LED_o[5]
p:LED_o[6]
p:LED_o[7]
p:RS232_RX_i
p:RS232_TX_o
p:RSTn_i


Inapplicable constraints
************************

(none)


Applicable constraints with issues
**********************************

(none)


Constraints with matching wildcard expressions
**********************************************

(none)


Library Report
**************


# End of Constraint Checker Report
